Added Component: Designator=CON100(PINY2X5 zenskie)
Added Component: Designator=CON101(piny_1k27_2x5_smd_IDC)
Added Component: Designator=CON102(piny_1k27_2x5_smd_IDC)
Added Component: Designator=CON103(IDC_2X3_2.54MM)
Added Component: Designator=CON104(PINY_2X7_1.27_THT)
Added Component: Designator=CON105(piny1x6)
Added Component: Designator=R100(0603)
Added Component: Designator=R101(0805)
Added Component: Designator=R102(0603)
Added Component: Designator=R103(0603)
Added Component: Designator=R104(0603)
Added Component: Designator=R105(0603)
Added Component: Designator=R106(0603)
Added Component: Designator=R107(0603)
Added Component: Designator=R108(0603)
Added Component: Designator=R109(0603)
Added Component: Designator=R110(0603)
Added Component: Designator=R111(0603)
Added Component: Designator=R112(0603)
Added Component: Designator=R113(0603)
Added Component: Designator=R114(0603)
Added Component: Designator=R115(0603)
Added Component: Designator=R116(0603)
Added Component: Designator=R117(0603)
Added Component: Designator=R118(0603)
Added Component: Designator=R119(0603)
Added Component: Designator=R120(0603)
Added Component: Designator=R121(0603)
Added Component: Designator=R122(0603)
Added Component: Designator=R123(0603)
Added Component: Designator=R124(0603)
Added Component: Designator=R125(0603)
Added Component: Designator=R126(0603)
Added Component: Designator=R128(0603)
Added Component: Designator=TP100(testpoint_50mils_octagonal)
Added Component: Designator=TP101(testpoint_50mils_octagonal)
Added Component: Designator=TP102(testpoint_50mils_octagonal)
Added Component: Designator=TP103(testpoint_50mils_octagonal)
Added Component: Designator=TP104(testpoint_50mils_octagonal)
Added Component: Designator=TP105(testpoint_50mils_octagonal)
Added Component: Designator=TP106(testpoint_50mils_octagonal)
Added Component: Designator=TP107(testpoint_50mils_octagonal)
Added Component: Designator=TP108(testpoint_50mils_octagonal)
Added Component: Designator=TP109(testpoint_50mils_octagonal)
Added Component: Designator=TP110(testpoint_50mils_octagonal)
Added Component: Designator=TP111(testpoint_50mils_octagonal)
Added Component: Designator=TP112(testpoint_50mils_octagonal)
Added Component: Designator=TP113(testpoint_50mils_octagonal)
Added Component: Designator=TP114(testpoint_50mils_octagonal)
Added Component: Designator=TP115(testpoint_50mils_octagonal)
Added Component: Designator=TP116(testpoint_50mils_octagonal)
Added Component: Designator=TP117(testpoint_50mils_octagonal)
Added Component: Designator=TP118(testpoint_50mils_octagonal)
Added Component: Designator=TP119(testpoint_50mils_octagonal)
Added Component: Designator=TP120(testpoint_50mils_octagonal)
Added Component: Designator=TP121(testpoint_50mils_octagonal)
Added Component: Designator=TP122(testpoint_50mils_octagonal)
Added Pin To Net: NetName=+3V3_TARGET Pin=CON103-1
Added Pin To Net: NetName=+3V3_TARGET Pin=R107-1
Added Pin To Net: NetName=+3V3_TARGET Pin=R119-2
Added Pin To Net: NetName=+3V3_TARGET Pin=R123-2
Added Net: Name=+3V3_TARGET
Added Pin To Net: NetName=+3V3 Pin=R100-1
Added Pin To Net: NetName=+3V3 Pin=R101-1
Added Net: Name=+3V3
Added Pin To Net: NetName=CLK/SCK Pin=CON100-8
Added Pin To Net: NetName=CLK/SCK Pin=R105-2
Added Net: Name=CLK/SCK
Added Pin To Net: NetName=GNDDETECT Pin=CON104-11
Added Pin To Net: NetName=GNDDETECT Pin=R128-2
Added Net: Name=GNDDETECT
Added Pin To Net: NetName=GND Pin=CON100-9
Added Pin To Net: NetName=GND Pin=CON100-10
Added Pin To Net: NetName=GND Pin=CON101-9
Added Pin To Net: NetName=GND Pin=CON101-10
Added Pin To Net: NetName=GND Pin=CON102-5
Added Pin To Net: NetName=GND Pin=CON104-5
Added Pin To Net: NetName=GND Pin=CON104-7
Added Pin To Net: NetName=GND Pin=CON105-3
Added Pin To Net: NetName=GND Pin=R112-2
Added Pin To Net: NetName=GND Pin=R117-2
Added Net: Name=GND
Added Pin To Net: NetName=LED1(MCO) Pin=CON100-2
Added Pin To Net: NetName=LED1(MCO) Pin=CON101-2
Added Net: Name=LED1(MCO)
Added Pin To Net: NetName=LED2(TIM1_OUT) Pin=CON100-3
Added Pin To Net: NetName=LED2(TIM1_OUT) Pin=CON101-3
Added Net: Name=LED2(TIM1_OUT)
Added Pin To Net: NetName=MISO Pin=CON100-5
Added Pin To Net: NetName=MISO Pin=R103-1
Added Net: Name=MISO
Added Pin To Net: NetName=MOSI/I2C_DATA Pin=CON100-7
Added Pin To Net: NetName=MOSI/I2C_DATA Pin=R106-1
Added Net: Name=MOSI/I2C_DATA
Added Pin To Net: NetName=NetCON100_1 Pin=CON100-1
Added Pin To Net: NetName=NetCON100_1 Pin=R100-2
Added Net: Name=NetCON100_1
Added Pin To Net: NetName=NetCON101_1 Pin=CON101-1
Added Pin To Net: NetName=NetCON101_1 Pin=R101-2
Added Net: Name=NetCON101_1
Added Pin To Net: NetName=NetCON101_4 Pin=CON101-4
Added Pin To Net: NetName=NetCON101_4 Pin=R102-1
Added Net: Name=NetCON101_4
Added Pin To Net: NetName=NetCON101_5 Pin=CON101-5
Added Pin To Net: NetName=NetCON101_5 Pin=R103-2
Added Net: Name=NetCON101_5
Added Pin To Net: NetName=NetCON101_6 Pin=CON101-6
Added Pin To Net: NetName=NetCON101_6 Pin=R104-1
Added Net: Name=NetCON101_6
Added Pin To Net: NetName=NetCON101_7 Pin=CON101-7
Added Pin To Net: NetName=NetCON101_7 Pin=R106-2
Added Net: Name=NetCON101_7
Added Pin To Net: NetName=NetCON101_8 Pin=CON101-8
Added Pin To Net: NetName=NetCON101_8 Pin=R105-1
Added Net: Name=NetCON101_8
Added Pin To Net: NetName=NetCON102_1 Pin=CON102-1
Added Pin To Net: NetName=NetCON102_1 Pin=R107-2
Added Net: Name=NetCON102_1
Added Pin To Net: NetName=NetCON102_2 Pin=CON102-2
Added Pin To Net: NetName=NetCON102_2 Pin=R108-1
Added Net: Name=NetCON102_2
Added Pin To Net: NetName=NetCON102_4 Pin=CON102-4
Added Pin To Net: NetName=NetCON102_4 Pin=R109-1
Added Net: Name=NetCON102_4
Added Pin To Net: NetName=NetCON102_7 Pin=CON102-7
Added Pin To Net: NetName=NetCON102_7 Pin=TP106-1
Added Net: Name=NetCON102_7
Added Pin To Net: NetName=NetCON102_8 Pin=CON102-8
Added Pin To Net: NetName=NetCON102_8 Pin=TP104-1
Added Net: Name=NetCON102_8
Added Pin To Net: NetName=NetCON102_9 Pin=CON102-9
Added Pin To Net: NetName=NetCON102_9 Pin=TP108-1
Added Net: Name=NetCON102_9
Added Pin To Net: NetName=NetCON102_10 Pin=CON102-10
Added Pin To Net: NetName=NetCON102_10 Pin=R116-1
Added Net: Name=NetCON102_10
Added Pin To Net: NetName=NetCON103_3 Pin=CON103-3
Added Pin To Net: NetName=NetCON103_3 Pin=R110-1
Added Pin To Net: NetName=NetCON103_3 Pin=R112-1
Added Net: Name=NetCON103_3
Added Pin To Net: NetName=NetCON103_4 Pin=CON103-4
Added Pin To Net: NetName=NetCON103_4 Pin=R111-2
Added Pin To Net: NetName=NetCON103_4 Pin=R113-2
Added Net: Name=NetCON103_4
Added Pin To Net: NetName=NetCON103_5 Pin=CON103-5
Added Pin To Net: NetName=NetCON103_5 Pin=R114-1
Added Pin To Net: NetName=NetCON103_5 Pin=R117-1
Added Net: Name=NetCON103_5
Added Pin To Net: NetName=NetCON103_6 Pin=CON103-6
Added Pin To Net: NetName=NetCON103_6 Pin=R115-2
Added Pin To Net: NetName=NetCON103_6 Pin=R118-2
Added Net: Name=NetCON103_6
Added Pin To Net: NetName=NetCON104_1 Pin=CON104-1
Added Pin To Net: NetName=NetCON104_1 Pin=TP107-1
Added Net: Name=NetCON104_1
Added Pin To Net: NetName=NetCON104_2 Pin=CON104-2
Added Pin To Net: NetName=NetCON104_2 Pin=TP110-1
Added Net: Name=NetCON104_2
Added Pin To Net: NetName=NetCON104_3 Pin=CON104-3
Added Pin To Net: NetName=NetCON104_3 Pin=R123-1
Added Net: Name=NetCON104_3
Added Pin To Net: NetName=NetCON104_4 Pin=CON104-4
Added Pin To Net: NetName=NetCON104_4 Pin=R120-1
Added Net: Name=NetCON104_4
Added Pin To Net: NetName=NetCON104_6 Pin=CON104-6
Added Pin To Net: NetName=NetCON104_6 Pin=R121-1
Added Net: Name=NetCON104_6
Added Pin To Net: NetName=NetCON104_9 Pin=CON104-9
Added Pin To Net: NetName=NetCON104_9 Pin=TP118-1
Added Net: Name=NetCON104_9
Added Pin To Net: NetName=NetCON104_12 Pin=CON104-12
Added Pin To Net: NetName=NetCON104_12 Pin=R125-1
Added Net: Name=NetCON104_12
Added Pin To Net: NetName=NetCON105_1 Pin=CON105-1
Added Pin To Net: NetName=NetCON105_1 Pin=R119-1
Added Net: Name=NetCON105_1
Added Pin To Net: NetName=NetCON105_2 Pin=CON105-2
Added Pin To Net: NetName=NetCON105_2 Pin=R122-2
Added Net: Name=NetCON105_2
Added Pin To Net: NetName=NetCON105_4 Pin=CON105-4
Added Pin To Net: NetName=NetCON105_4 Pin=R124-2
Added Net: Name=NetCON105_4
Added Pin To Net: NetName=NetCON105_5 Pin=CON105-5
Added Pin To Net: NetName=NetCON105_5 Pin=R126-2
Added Net: Name=NetCON105_5
Added Pin To Net: NetName=NetR128_1 Pin=R128-1
Added Pin To Net: NetName=NetR128_1 Pin=TP119-1
Added Net: Name=NetR128_1
Added Pin To Net: NetName=RESET Pin=R110-2
Added Pin To Net: NetName=RESET Pin=R113-1
Added Pin To Net: NetName=RESET Pin=R116-2
Added Pin To Net: NetName=RESET Pin=R125-2
Added Pin To Net: NetName=RESET Pin=R126-1
Added Pin To Net: NetName=RESET Pin=TP105-1
Added Pin To Net: NetName=RESET Pin=TP115-1
Added Pin To Net: NetName=RESET Pin=TP121-1
Added Net: Name=RESET
Added Pin To Net: NetName=RS_RX Pin=CON100-4
Added Pin To Net: NetName=RS_RX Pin=R102-2
Added Net: Name=RS_RX
Added Pin To Net: NetName=RS_TX Pin=CON100-6
Added Pin To Net: NetName=RS_TX Pin=R104-2
Added Net: Name=RS_TX
Added Pin To Net: NetName=SELECT Pin=CON102-3
Added Pin To Net: NetName=SELECT Pin=TP102-1
Added Net: Name=SELECT
Added Pin To Net: NetName=STLK_RX Pin=R114-2
Added Pin To Net: NetName=STLK_RX Pin=R118-1
Added Net: Name=STLK_RX
Added Pin To Net: NetName=SWCLK Pin=R109-2
Added Pin To Net: NetName=SWCLK Pin=R111-1
Added Pin To Net: NetName=SWCLK Pin=R115-1
Added Pin To Net: NetName=SWCLK Pin=R121-2
Added Pin To Net: NetName=SWCLK Pin=R122-1
Added Pin To Net: NetName=SWCLK Pin=TP101-1
Added Pin To Net: NetName=SWCLK Pin=TP109-1
Added Pin To Net: NetName=SWCLK Pin=TP112-1
Added Net: Name=SWCLK
Added Pin To Net: NetName=SWDIO Pin=CON103-2
Added Pin To Net: NetName=SWDIO Pin=R108-2
Added Pin To Net: NetName=SWDIO Pin=R120-2
Added Pin To Net: NetName=SWDIO Pin=R124-1
Added Pin To Net: NetName=SWDIO Pin=TP100-1
Added Pin To Net: NetName=SWDIO Pin=TP111-1
Added Pin To Net: NetName=SWDIO Pin=TP117-1
Added Net: Name=SWDIO
Added Pin To Net: NetName=SWO Pin=CON102-6
Added Pin To Net: NetName=SWO Pin=CON105-6
Added Pin To Net: NetName=SWO Pin=TP103-1
Added Pin To Net: NetName=SWO Pin=TP122-1
Added Net: Name=SWO
Added Pin To Net: NetName=T_JTDI Pin=CON104-10
Added Pin To Net: NetName=T_JTDI Pin=TP114-1
Added Net: Name=T_JTDI
Added Pin To Net: NetName=T_SWO Pin=CON104-8
Added Pin To Net: NetName=T_SWO Pin=TP113-1
Added Net: Name=T_SWO
Added Pin To Net: NetName=T_VCP_RX Pin=CON104-13
Added Pin To Net: NetName=T_VCP_RX Pin=TP120-1
Added Net: Name=T_VCP_RX
Added Pin To Net: NetName=T_VCP_TX Pin=CON104-14
Added Pin To Net: NetName=T_VCP_TX Pin=TP116-1
Added Net: Name=T_VCP_TX
Added Class: Name=Main
Added Room: Name=Main
